#! /c/Source/iverilog-install/bin/vvp
:ivl_version "12.0 (devel)" "(s20150603-1539-g2693dd32b)";
:ivl_delay_selection "TYPICAL";
:vpi_time_precision + 0;
:vpi_module "D:\iverilog\lib\ivl\system.vpi";
:vpi_module "D:\iverilog\lib\ivl\vhdl_sys.vpi";
:vpi_module "D:\iverilog\lib\ivl\vhdl_textio.vpi";
:vpi_module "D:\iverilog\lib\ivl\v2005_math.vpi";
:vpi_module "D:\iverilog\lib\ivl\va_math.vpi";
:vpi_module "D:\iverilog\lib\ivl\v2009.vpi";
S_000002aff8522830 .scope package, "$unit" "$unit" 2 1;
 .timescale 0 0;
S_000002aff85229c0 .scope module, "WB_FIFO" "WB_FIFO" 3 1;
 .timescale 0 0;
    .port_info 0 /INPUT 1 "clk";
    .port_info 1 /INPUT 1 "rstn";
    .port_info 2 /INPUT 1 "WB_we";
    .port_info 3 /INPUT 1 "way_using";
    .port_info 4 /INPUT 3 "index";
    .port_info 5 /OUTPUT 1 "way_select";
    .port_info 6 /OUTPUT 2 "way_select_one_hot";
P_000002aff8548100 .param/l "INDEX_WIDTH" 0 3 2, +C4<00000000000000000000000000000011>;
P_000002aff8548138 .param/l "SET_NUM" 0 3 3, +C4<00000000000000000000000000001000>;
P_000002aff8548170 .param/l "WAY_NUM" 0 3 4, +C4<00000000000000000000000000000010>;
P_000002aff85481a8 .param/l "WAY_WIDTH" 0 3 5, +C4<00000000000000000000000000000001>;
L_000002aff8522b50 .functor BUFZ 1, L_000002aff8553d00, C4<0>, C4<0>, C4<0>;
o000002aff855afb8 .functor BUFZ 1, C4<z>; HiZ drive
v000002aff8522e60_0 .net "WB_we", 0 0, o000002aff855afb8;  0 drivers
v000002aff866beb0_0 .net *"_ivl_0", 0 0, L_000002aff8553d00;  1 drivers
L_000002aff85a3cd8 .functor BUFT 1, C4<0000010>, C4<0>, C4<0>, C4<0>;
v000002aff85532b0_0 .net/2u *"_ivl_10", 6 0, L_000002aff85a3cd8;  1 drivers
v000002aff8553350_0 .net *"_ivl_13", 6 0, L_000002aff8554480;  1 drivers
v000002aff85533f0_0 .net *"_ivl_2", 5 0, L_000002aff85543e0;  1 drivers
L_000002aff85a3c48 .functor BUFT 1, C4<000>, C4<0>, C4<0>, C4<0>;
v000002aff8553490_0 .net *"_ivl_5", 2 0, L_000002aff85a3c48;  1 drivers
v000002aff8553530_0 .net *"_ivl_6", 6 0, L_000002aff8554340;  1 drivers
L_000002aff85a3c90 .functor BUFT 1, C4<0>, C4<0>, C4<0>, C4<0>;
v000002aff8553b20_0 .net *"_ivl_9", 0 0, L_000002aff85a3c90;  1 drivers
o000002aff855b138 .functor BUFZ 1, C4<z>; HiZ drive
v000002aff8553a80_0 .net "clk", 0 0, o000002aff855b138;  0 drivers
v000002aff8553bc0_0 .var/i "i", 31 0;
o000002aff855b198 .functor BUFZ 3, C4<zzz>; HiZ drive
v000002aff8553940_0 .net "index", 2 0, o000002aff855b198;  0 drivers
v000002aff85542a0_0 .var/i "j", 31 0;
v000002aff85538a0 .array "que", 5 0, 0 0;
o000002aff855b1f8 .functor BUFZ 1, C4<z>; HiZ drive
v000002aff8553da0_0 .net "rstn", 0 0, o000002aff855b1f8;  0 drivers
v000002aff85539e0_0 .net "way_select", 0 0, L_000002aff8522b50;  1 drivers
v000002aff8553c60_0 .var "way_select_one_hot", 1 0;
o000002aff855b288 .functor BUFZ 1, C4<z>; HiZ drive
v000002aff85540c0_0 .net "way_using", 0 0, o000002aff855b288;  0 drivers
E_000002aff8546020 .event anyedge, v000002aff85539e0_0;
E_000002aff85459e0/0 .event anyedge, v000002aff8553a80_0;
E_000002aff85459e0/1 .event negedge, v000002aff8553da0_0;
E_000002aff85459e0 .event/or E_000002aff85459e0/0, E_000002aff85459e0/1;
L_000002aff8553d00 .array/port v000002aff85538a0, L_000002aff8554480;
L_000002aff85543e0 .concat [ 3 3 0 0], o000002aff855b198, L_000002aff85a3c48;
L_000002aff8554340 .concat [ 6 1 0 0], L_000002aff85543e0, L_000002aff85a3c90;
L_000002aff8554480 .arith/mult 7, L_000002aff8554340, L_000002aff85a3cd8;
    .scope S_000002aff85229c0;
T_0 ;
    %wait E_000002aff85459e0;
    %load/vec4 v000002aff8553da0_0;
    %nor/r;
    %flag_set/vec4 8;
    %jmp/0xz  T_0.0, 8;
    %pushi/vec4 0, 0, 32;
    %store/vec4 v000002aff8553bc0_0, 0, 32;
T_0.2 ;
    %load/vec4 v000002aff8553bc0_0;
    %cmpi/s 3, 0, 32;
    %jmp/0xz T_0.3, 5;
    %pushi/vec4 0, 0, 32;
    %store/vec4 v000002aff85542a0_0, 0, 32;
T_0.4 ;
    %load/vec4 v000002aff85542a0_0;
    %cmpi/s 2, 0, 32;
    %jmp/0xz T_0.5, 5;
    %pushi/vec4 0, 0, 1;
    %load/vec4 v000002aff8553bc0_0;
    %pad/s 34;
    %pad/s 35;
    %muli 2, 0, 35;
    %pad/s 36;
    %load/vec4 v000002aff85542a0_0;
    %pad/s 36;
    %add;
    %ix/vec4/s 3;
    %ix/load 4, 0, 0; Constant delay
    %assign/vec4/a/d v000002aff85538a0, 0, 4;
    %load/vec4 v000002aff85542a0_0;
    %addi 1, 0, 32;
    %store/vec4 v000002aff85542a0_0, 0, 32;
    %jmp T_0.4;
T_0.5 ;
    %load/vec4 v000002aff8553bc0_0;
    %addi 1, 0, 32;
    %store/vec4 v000002aff8553bc0_0, 0, 32;
    %jmp T_0.2;
T_0.3 ;
    %jmp T_0.1;
T_0.0 ;
    %load/vec4 v000002aff8522e60_0;
    %flag_set/vec4 8;
    %jmp/0xz  T_0.6, 8;
    %pushi/vec4 0, 0, 32;
    %store/vec4 v000002aff8553bc0_0, 0, 32;
T_0.8 ;
    %load/vec4 v000002aff8553bc0_0;
    %cmpi/s 1, 0, 32;
    %jmp/0xz T_0.9, 5;
    %load/vec4 v000002aff8553940_0;
    %pad/u 6;
    %pad/u 7;
    %muli 2, 0, 7;
    %pad/u 8;
    %load/vec4 v000002aff8553bc0_0;
    %addi 1, 0, 32;
    %pad/s 8;
    %add;
    %ix/vec4 4;
    %load/vec4a v000002aff85538a0, 4;
    %load/vec4 v000002aff8553940_0;
    %pad/u 6;
    %pad/u 7;
    %muli 2, 0, 7;
    %pad/u 8;
    %load/vec4 v000002aff8553bc0_0;
    %pad/s 8;
    %add;
    %ix/vec4 3;
    %ix/load 4, 0, 0; Constant delay
    %assign/vec4/a/d v000002aff85538a0, 0, 4;
    %load/vec4 v000002aff8553bc0_0;
    %addi 1, 0, 32;
    %store/vec4 v000002aff8553bc0_0, 0, 32;
    %jmp T_0.8;
T_0.9 ;
    %load/vec4 v000002aff85540c0_0;
    %load/vec4 v000002aff8553940_0;
    %pad/u 6;
    %pad/u 7;
    %muli 2, 0, 7;
    %pad/u 8;
    %pushi/vec4 1, 0, 2;
    %pad/s 8;
    %add;
    %ix/vec4 4;
    %store/vec4a v000002aff85538a0, 4, 0;
T_0.6 ;
T_0.1 ;
    %jmp T_0;
    .thread T_0;
    .scope S_000002aff85229c0;
T_1 ;
    %wait E_000002aff8546020;
    %pushi/vec4 0, 0, 2;
    %store/vec4 v000002aff8553c60_0, 0, 2;
    %pushi/vec4 1, 0, 1;
    %ix/getv 4, v000002aff85539e0_0;
    %store/vec4 v000002aff8553c60_0, 4, 1;
    %jmp T_1;
    .thread T_1, $push;
# The file index is used to find the file name in the following table.
:file_names 4;
    "N/A";
    "<interactive>";
    "-";
    "WB_FIFO.v";
